C51 COMPILER V7.06   DELAY                                                                 07/25/2013 23:19:41 PAGE 1   


C51 COMPILER V7.06, COMPILATION OF MODULE DELAY
OBJECT MODULE PLACED IN delay.OBJ
COMPILER INVOKED BY: C:\software\keil\C51\BIN\C51.EXE delay.c COMPACT BROWSE DEBUG OBJECTEXTEND

stmt level    source

   1          
   2          #include <intrins.h>
   3          
   4          //延时X微秒(STC12C5A60S2@12M) 不同的工作环境,需要调整此函数
   5          void DelayXus(unsigned char n)
   6          {
   7   1          while (n--)
   8   1          {
   9   2              _nop_();
  10   2              _nop_();
  11   2          }
  12   1      }
  13          
  14          // mS延时函数，含有输入参数 unsigned char t，无返回值
  15          // unsigned char 是定义无符号字符变量，其值的范围是
  16          // 0~255 这里使用晶振12M，精确延时请使用汇编
  17          void DelayMs(unsigned char t)
  18          {
  19   1           
  20   1       while(t--)
  21   1       {
  22   2           //大致延时1mS
  23   2           DelayXus(245);
  24   2           DelayXus(245);
  25   2       }
  26   1      }


MODULE INFORMATION:   STATIC OVERLAYABLE
   CODE SIZE        =     32    ----
   CONSTANT SIZE    =   ----    ----
   XDATA SIZE       =   ----    ----
   PDATA SIZE       =   ----    ----
   DATA SIZE        =   ----    ----
   IDATA SIZE       =   ----    ----
   BIT SIZE         =   ----    ----
END OF MODULE INFORMATION.


C51 COMPILATION COMPLETE.  0 WARNING(S),  0 ERROR(S)
